
The most similar commands are
        bisect
        rev-list

Peter@Peter-pc MINGW64 /d/Diploma/Cloudformation-test-github (main)
$ git log --oneline
43f2b40 (HEAD -> main) test 1
c05da4e Ec2 + Security group nested v1
25a1082 (origin/main) empty file

Peter@Peter-pc MINGW64 /d/Diploma/Cloudformation-test-github (main)
$ git diff-tree -no-commit-id --name-onlyh 43f2b40 -r
usage: git diff-tree [--stdin] [-m] [-s] [-v] [--no-commit-id] [--pretty]
              [-t] [-r] [-c | --cc] [--combined-all-paths] [--root] [--merge-base]
              [<common-diff-options>] <tree-ish> [<tree-ish>] [<path>...]

  -r            diff recursively
  -c            show combined diff for merge commits
  --cc          show combined diff for merge commits removing uninteresting hunks
  --combined-all-paths
                show name of file in all parents for combined diffs
  --root        include the initial commit as diff against /dev/null

common diff options:
  -z            output diff-raw with lines terminated with NUL.
  -p            output patch format.
  -u            synonym for -p.
  --patch-with-raw
                output both a patch and the diff-raw format.
  --stat        show diffstat instead of patch.
  --numstat     show numeric diffstat instead of patch.
  --patch-with-stat
                output a patch and prepend its diffstat.
  --name-only   show only names of changed files.
  --name-status show names and status of changed files.
  --full-index  show full object name on index lines.
  --abbrev=<n>  abbreviate object names in diff-tree header and diff-raw.
  -R            swap input file pairs.
  -B            detect complete rewrites.
  -M            detect renames.
  -C            detect copies.
  --find-copies-harder
                try unchanged files as candidate for copy detection.
  -l<n>         limit rename attempts up to <n> paths.
  -O<file>      reorder diffs according to the <file>.
  -S<string>    find filepair whose only one side contains the string.
  --pickaxe-all
                show all files diff when -S is used and hit is found.
  -a  --text    treat all files as text.


Peter@Peter-pc MINGW64 /d/Diploma/Cloudformation-test-github (main)
$ git show --name-only 43f2b40
commit 43f2b400c705bbd48314137b94a80847430ba6f3 (HEAD -> main)
Author: Peter <p.magdytab@gmail.com>
Date:   Fri Oct 13 05:09:52 2023 +0100

    test 1

test1.yml

Peter@Peter-pc MINGW64 /d/Diploma/Cloudformation-test-github (main)
$ git show --stat 43f2b40
commit 43f2b400c705bbd48314137b94a80847430ba6f3 (HEAD -> main)
Author: Peter <p.magdytab@gmail.com>
Date:   Fri Oct 13 05:09:52 2023 +0100

ions(-)

Peter@Peter-pc MINGW64 /d/Diploma/Cloudformation-test-github (main)
$ git diff-tree --no-commit-id --name-only -r 43f2b40
test1.yml

Peter@Peter-pc MINGW64 /d/Diploma/Cloudformation-test-github (main)
$

Peter@Peter-pc MINGW64 /d/Diploma/Cloudformation-test-github (main)
$ git log --oneline
43f2b40 (HEAD -> main) test 1
c05da4e Ec2 + Security group nested v1
25a1082 (origin/main) empty file

Peter@Peter-pc MINGW64 /d/Diploma/Cloudformation-test-github (main)
$ aws --configure

usage: aws [options] <command> <subcommand> [<subcommand> ...] [parameters]
To see help text, you can run:

  aws help
  aws <command> help
  aws <command> <subcommand> help

aws: error: the following arguments are required: command


Peter@Peter-pc MINGW64 /d/Diploma/Cloudformation-test-github (main)
$ 

Peter@Peter-pc MINGW64 /d/Diploma/Cloudformation-test-github (main)
$ aws --help

usage: aws [options] <command> <subcommand> [<subcommand> ...] [parameters]
To see help text, you can run:

  aws help
  aws <command> help
  aws <command> <subcommand> help

aws: error: the following arguments are required: command


Peter@Peter-pc MINGW64 /d/Diploma/Cloudformation-test-github (main)
$ aws configure
AWS Access Key ID [****************D7D3]: AKIAZD2TUNF5R4UYIC2J
AWS Secret Access Key [****************pMeH]: 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
Default region name [ap-south-1]: us-east-1
Default output format [table]: 

Peter@Peter-pc MINGW64 /d/Diploma/Cloudformation-test-github (main)
$ aws s3 sync . s3://test202323232
upload: .git\description to s3://test202323232/.git/description    
upload: .git\hooks\pre-merge-commit.sample to s3://test202323232/.git/hooks/pre-merge-commit.sample
upload: .git\hooks\pre-push.sample to s3://test202323232/.git/hooks/pre-push.sample
upload: .git\hooks\pre-rebase.sample to s3://test202323232/.git/hooks/pre-rebase.sample
upload: .git\hooks\fsmonitor-watchman.sample to s3://test202323232/.git/hooks/fsmonitor-watchman.sample
upload: .git\COMMIT_EDITMSG to s3://test202323232/.git/COMMIT_EDITMSG
upload: .git\hooks\applypatch-msg.sample to s3://test202323232/.git/hooks/applypatch-msg.sample
upload: .git\HEAD to s3://test202323232/.git/HEAD
upload: .git\hooks\commit-msg.sample to s3://test202323232/.git/hooks/commit-msg.sample
upload: .git\hooks\post-update.sample to s3://test202323232/.git/hooks/post-update.sample
upload: .git\config to s3://test202323232/.git/config
upload: .git\hooks\pre-commit.sample to s3://test202323232/.git/hooks/pre-commit.sample
upload: .git\hooks\pre-receive.sample to s3://test202323232/.git/hooks/pre-receive.sample
upload: .git\hooks\pre-applypatch.sample to s3://test202323232/.git/hooks/pre-applypatch.sample
upload: .git\hooks\prepare-commit-msg.sample to s3://test202323232/.git/hooks/prepare-commit-msg.sample
upload: .git\hooks\push-to-checkout.sample to s3://test202323232/.git/hooks/push-to-checkout.sample
upload: .git\hooks\update.sample to s3://test202323232/.git/hooks/update.sample
upload: .git\hooks\sendemail-validate.sample to s3://test202323232/.git/hooks/sendemail-validate.sample
upload: .git\index to s3://test202323232/.git/index
upload: .git\info\exclude to s3://test202323232/.git/info/exclude
upload: .git\logs\HEAD to s3://test202323232/.git/logs/HEAD       
upload: .git\logs\refs\heads\main to s3://test202323232/.git/logs/refs/heads/main
upload: .git\logs\refs\remotes\origin\main to s3://test202323232/.git/logs/refs/remotes/origin/main
upload: .git\objects\14\49b3afbf672e13cc3ec1132ebc2346f9926eea to s3://test202323232/.git/objects/14/49b3afbf672e13cc3ec1132ebc2346f9926eea
upload: .git\objects\25\a1082f8cba2d704709ae99798bdfb977a4b4f0 to s3://test202323232/.git/objects/25/a1082f8cba2d704709ae99798bdfb977a4b4f0
upload: .git\objects\3b\6db224660afb36545996b52c0b1ff2eab040e1 to s3://test202323232/.git/objects/3b/6db224660afb36545996b52c0b1ff2eab040e1
upload: .git\objects\43\f2b400c705bbd48314137b94a80847430ba6f3 to s3://test202323232/.git/objects/43/f2b400c705bbd48314137b94a80847430ba6f3
upload: .git\objects\4b\825dc642cb6eb9a060e54bf8d69288fbee4904 to s3://test202323232/.git/objects/4b/825dc642cb6eb9a060e54bf8d69288fbee4904
upload: .git\objects\91\e6c47289f8f70fe921b1d540c7d9b648292a14 to s3://test202323232/.git/objects/91/e6c47289f8f70fe921b1d540c7d9b648292a14
upload: .git\objects\a6\206ea7be50ff2c6ae0ded7dae14eda5831cda0 to s3://test202323232/.git/objects/a6/206ea7be50ff2c6ae0ded7dae14eda5831cda0
upload: .git\objects\e6\9de29bb2d1d6434b8b29ae775ad8c2e48c5391 to s3://test202323232/.git/objects/e6/9de29bb2d1d6434b8b29ae775ad8c2e48c5391
upload: .git\objects\c0\5da4e236d449a3a79c3c3ca4faef70d61bd640 to s3://test202323232/.git/objects/c0/5da4e236d449a3a79c3c3ca4faef70d61bd640
upload: .git\refs\heads\main to s3://test202323232/.git/refs/heads/main
upload: .git\objects\eb\ad73c78eb9a509af44a1375f1356a5ebed2f22 to s3://test202323232/.git/objects/eb/ad73c78eb9a509af44a1375f1356a5ebed2f22
upload: .git\refs\remotes\origin\main to s3://test202323232/.git/refs/remotes/origin/main

Peter@Peter-pc MINGW64 /d/Diploma/Cloudformation-test-github (main)
$ aws s3 ls s3://test202323232
                           PRE .git/
2023-10-13 03:48:57        846 ec2-instance-root.yaml
2023-10-13 03:48:57        944 ssh-security-group-nested.yaml

Peter@Peter-pc MINGW64 /d/Diploma/Cloudformation-test-github (main)
$ aws s3 presign s3://test202323232/ec2-instance-root.yaml
https://test202323232.s3.us-east-1.amazonaws.com/ec2-instance-root.yaml?X-Amz-Algorithm=AWS4-HMAC-SHA256&X-Amz-Credential=AKIAZD2TUNF5R4UYIC2J%2F20231013%2Fus-east-1%2Fs3%2Faws4_request&X-Amz-Date=20231013T042810Z&X-Amz-Expires=3600&X-Amz-SignedHeaders=host&X-Amz-Signature=cbe7eb37bdf54d41fce279b589111d2d1b5a949ba9d5330d9dfcf34b81a59d91

Peter@Peter-pc MINGW64 /d/Diploma/Cloudformation-test-github (main)
$ aws s3 presign s3://test202323232/ssh-security-group-nested.yaml
https://test202323232.s3.us-east-1.amazonaws.com/ssh-security-group-nested.yaml?X-Amz-Algorithm=AWS4-HMAC-SHA256&X-Amz-Credential=AKIAZD2TUNF5R4UYIC2J%2F20231013%2Fus-east-1%2Fs3%2Faws4_request&X-Amz-Date=20231013T042839Z&X-Amz-Expires=3600&X-Amz-SignedHeaders=host&X-Amz-Signature=05edf15e1f09cc67435230b2caf805b5a3d58337d5d0a4f915a790cde32eea54

Peter@Peter-pc MINGW64 /d/Diploma/Cloudformation-test-github (main)
$ Peter@Peter-pc MINGW64 /d/Diploma/Cloudformation-test-github (main)
$ git log --oneline
43f2b40 (HEAD -> main) test 1
c05da4e Ec2 + Security group nested v1
25a1082 (origin/main) empty file

Peter@Peter-pc MINGW64 /d/Diploma/Cloudformation-test-github (main)
$ git diff-tree -no-commit-id --name-onlyh 43f2b40 -r
usage: git diff-tree [--stdin] [-m] [-s] [-v] [--no-commit-id] [--pretty]
              [-t] [-r] [-c | --cc] [--combined-all-paths] [--root] [--merge-base]
              [<common-diff-options>] <tree-ish> [<tree-ish>] [<path>...]

  -r            diff recursively
  -c            show combined diff for merge commits
  --cc          show combined diff for merge commits removing uninteresting hunks
  --combined-all-paths
                show name of file in all parents for combined diffs
  --root        include the initial commit as diff against /dev/null

common diff options:
  -z            output diff-raw with lines terminated with NUL.
  -p            output patch format.
  -u            synonym for -p.
  --patch-with-raw
                output both a patch and the diff-raw format.
  --stat        show diffstat instead of patch.
  --numstat     show numeric diffstat instead of patch.
  --patch-with-stat
                output a patch and prepend its diffstat.
  --name-only   show only names of changed files.
  --name-status show names and status of changed files.
  --full-index  show full object name on index lines.
  --abbrev=<n>  abbreviate object names in diff-tree header and diff-raw.
  -R            swap input file pairs.
  -B            detect complete rewrites.
  -M            detect renames.
  -C            detect copies.
  --find-copies-harder
                try unchanged files as candidate for copy detection.
  -l<n>         limit rename attempts up to <n> paths.
  -O<file>      reorder diffs according to the <file>.
  -S<string>    find filepair whose only one side contains the string.
  --pickaxe-all
                show all files diff when -S is used and hit is found.
  -a  --text    treat all files as text.


Peter@Peter-pc MINGW64 /d/Diploma/Cloudformation-test-github (main)
$ git show --name-only 43f2b40
commit 43f2b400c705bbd48314137b94a80847430ba6f3 (HEAD -> main)
Author: Peter <p.magdytab@gmail.com>
Date:   Fri Oct 13 05:09:52 2023 +0100

    test 1

$^Cer@Peter-pc MINGW64 /d/Diploma/Cloudformation-test-github (main)15a790cde32eea54mz-Algorithm=AWS4-HMAC-SHA256&X-Amz-Credential=AKIAZD2TUNF5R4UYIC2J%2F20231013%2Fus-east-1%2Fs3%2Faws4_request&X-Amz-Date=20231013T042839Z&X-Amz-Expires=3600&X-Amz-SignedHeaders=ho

Peter@Peter-pc MINGW64 /d/Diploma/Cloudformation-test-github (main)
$

Peter@Peter-pc MINGW64 /d/Diploma/Cloudformation-test-github (main)
$

Peter@Peter-pc MINGW64 /d/Diploma/Cloudformation-test-github (main)
$

Peter@Peter-pc MINGW64 /d/Diploma/Cloudformation-test-github (main)
$

Peter@Peter-pc MINGW64 /d/Diploma/Cloudformation-test-github (main)
$

Peter@Peter-pc MINGW64 /d/Diploma/Cloudformation-test-github (main)
$

Peter@Peter-pc MINGW64 /d/Diploma/Cloudformation-test-github (main)
$

Peter@Peter-pc MINGW64 /d/Diploma/Cloudformation-test-github (main)
$

Peter@Peter-pc MINGW64 /d/Diploma/Cloudformation-test-github (main)
$

 create mode 100644 log.txt

Peter@Peter-pc MINGW64 /d/Diploma/Cloudformation-test-github (main)
$ git add .

Peter@Peter-pc MINGW64 /d/Diploma/Cloudformation-test-github (main)
$ git commit -m "vpc yml"
 create mode 100644 log.txt

Peter@Peter-pc MINGW64 /d/Diploma/Cloudformation-test-github (main)
$ git add .

Peter@Peter-pc MINGW64 /d/Diploma/Cloudformation-test-github (main)
$ git commit -m "vpc yml"
[main 1e02c45] vpc yml
 1 file changed, 237 insertions(+)
 create mode 100644 vpc.yaml

Peter@Peter-pc MINGW64 /d/Diploma/Cloudformation-test-github (main)
$ git push
Enumerating objects: 14, done.
Counting objects: 100% (14/14), done.
Delta compression using up to 12 threads
Compressing objects: 100% (13/13), done.
Writing objects: 100% (13/13), 5.25 KiB | 5.25 MiB/s, done.
Total 13 (delta 3), reused 0 (delta 0), pack-reused 0
remote: Resolving deltas: 100% (3/3), done.
To https://github.com/PeterTawfik-ATU/Cloudformation-test-github.git
   25a1082..1e02c45  main -> main

Peter@Peter-pc MINGW64 /d/Diploma/Cloudformation-test-github (main)
$ aws s3 sync . s3://test202323232
upload: .git\COMMIT_EDITMSG to s3://test202323232/.git/COMMIT_EDITMSG
upload: .\log.txt to s3://test202323232/log.txt
upload: .\ssh-security-group-nested.yaml to s3://test202323232/ssh-security-group-nested.yaml
upload: .\vpc.yaml to s3://test202323232/vpc.yaml
upload: .git\objects\12\bce6e2d68ee3f2fc0269ba1e23da8ea1ee4500 to s3://test202323232/.git/objects/12/bce6e2d68ee3f2fc0269ba1e23da8ea1ee4500
upload: .git\objects\a7\2fbf3a0efc1bb8a1b4fbc558226e0210974dec to s3://test202323232/.git/objects/a7/2fbf3a0efc1bb8a1b4fbc558226e0210974dec
upload: .git\refs\heads\main to s3://test202323232/.git/refs/heads/main
upload: .git\refs\remotes\origin\main to s3://test202323232/.git/refs/remotes/origin/main
upload: .git\objects\bf\c7b5fcae0b7d384eb398c40e77f91706fba9a3 to s3://test202323232/.git/objects/bf/c7b5fcae0b7d384eb398c40e77f91706fba9a3
upload: .git\objects\be\d800d5b1b59f08d0621d6995ef8a663e839daf to s3://test202323232/.git/objects/be/d800d5b1b59f08d0621d6995ef8a663e839daf
upload: .git\objects\1e\02c4579c6b8c0db9665666c60df887d5e38c6a to s3://test202323232/.git/objects/1e/02c4579c6b8c0db9665666c60df887d5e38c6a
upload: .git\objects\f6\891f3cc7517f0e29fc5ffc1e62d28a2dea5919 to s3://test202323232/.git/objects/f6/891f3cc7517f0e29fc5ffc1e62d28a2dea5919
upload: .git\objects\ed\c2fcdcf51a2b006bc3629a1e4f69f194718c1d to s3://test202323232/.git/objects/ed/c2fcdcf51a2b006bc3629a1e4f69f194718c1d
upload: .git\index to s3://test202323232/.git/index
upload: .git\logs\refs\heads\main to s3://test202323232/.git/logs/refs/heads/main
upload: .git\logs\HEAD to s3://test202323232/.git/logs/HEAD
upload: .git\logs\refs\remotes\origin\main to s3://test202323232/.git/logs/refs/remotes/origin/main

Peter@Peter-pc MINGW64 /d/Diploma/Cloudformation-test-github (main)
$ git add .

Peter@Peter-pc MINGW64 /d/Diploma/Cloudformation-test-github (main)
$ git commit -m "vpc nested stack trail 1"
[main 748de55] vpc nested stack trail 1
 2 files changed, 14 insertions(+), 6 deletions(-)
 rename vpc.yaml => vpc-nested.yaml (100%)

Peter@Peter-pc MINGW64 /d/Diploma/Cloudformation-test-github (main)
$ git push
Enumerating objects: 5, done.
Counting objects: 100% (5/5), done.
Delta compression using up to 12 threads
Compressing objects: 100% (3/3), done.
Writing objects: 100% (3/3), 469 bytes | 469.00 KiB/s, done.
Total 3 (delta 2), reused 0 (delta 0), pack-reused 0
remote: Resolving deltas: 100% (2/2), completed with 2 local objects.
To https://github.com/PeterTawfik-ATU/Cloudformation-test-github.git
   1e02c45..748de55  main -> main

Peter@Peter-pc MINGW64 /d/Diploma/Cloudformation-test-github (main)
$ git push
Everything up-to-date

Peter@Peter-pc MINGW64 /d/Diploma/Cloudformation-test-github (main)
$ aws s3 ls s3://test202323232
                           PRE .git/
2023-10-13 03:48:57        846 ec2-instance-root.yaml
2023-10-13 05:45:08       9017 log.txt
2023-10-13 05:45:08        933 ssh-security-group-nested.yaml
2023-10-13 05:45:08       6832 vpc.yaml

Peter@Peter-pc MINGW64 /d/Diploma/Cloudformation-test-github (main)
$ aws s3 presign s3://test202323232/ec2-instance-root.yaml
https://test202323232.s3.us-east-1.amazonaws.com/ec2-instance-root.yaml?X-Amz-Algorithm=AWS4-HMAC-SHA256&X-Amz-Credential=AKIAZD2TUNF5R4UYIC2J%2F20231013%2Fus-east-1%2Fs3%2Faws4_request&X-Amz-Date=20231013T050944Z&X-Amz-Expires=3600&X-Amz-SignedHeaders=host&X-Amz-Signature=703700f9c423bafa7f1b9a3f11d3426d4fd222010a7ff5c567813b704a02f62c

Peter@Peter-pc MINGW64 /d/Diploma/Cloudformation-test-github (main)
$ aws s3 sync . s3://test202323232
upload: .git\COMMIT_EDITMSG to s3://test202323232/.git/COMMIT_EDITMSG
upload: .\vpc-nested.yaml to s3://test202323232/vpc-nested.yaml   
upload: .git\logs\HEAD to s3://test202323232/.git/logs/HEAD     
upload: .git\refs\heads\main to s3://test202323232/.git/refs/heads/main
upload: .git\logs\refs\heads\main to s3://test202323232/.git/logs/refs/heads/main
upload: .git\objects\74\8de550d4cd35530d94782de2e2e1042a7bc4f2 to s3://test202323232/.git/objects/74/8de550d4cd35530d94782de2e2e1042a7bc4f2
upload: .git\objects\0d\7bfe215c0fe8a190fbe01140ebbf6935ac433e to s3://test202323232/.git/objects/0d/7bfe215c0fe8a190fbe01140ebbf6935ac433e
upload: .git\objects\f6\891f3cc7517f0e29fc5ffc1e62d28a2dea5919 to s3://test202323232/.git/objects/f6/891f3cc7517f0e29fc5ffc1e62d28a2dea5919
upload: .\ec2-instance-root.yaml to s3://test202323232/ec2-instance-root.yaml
upload: .git\index to s3://test202323232/.git/index
upload: .git\refs\remotes\origin\main to s3://test202323232/.git/refs/remotes/origin/main
upload: .git\objects\e3\4cbea681b0107443e2bbeacc6d831d58ad0a9e to s3://test202323232/.git/objects/e3/4cbea681b0107443e2bbeacc6d831d58ad0a9e
upload: .\log.txt to s3://test202323232/log.txt
upload: .git\logs\refs\remotes\origin\main to s3://test202323232/.git/logs/refs/remotes/origin/main

Peter@Peter-pc MINGW64 /d/Diploma/Cloudformation-test-github (main)
$ aws s3 presign s3://test202323232/ec2-instance-root.yaml
https://test202323232.s3.us-east-1.amazonaws.com/ec2-instance-root.yaml?X-Amz-Algorithm=AWS4-HMAC-SHA256&X-Amz-Credential=AKIAZD2TUNF5R4UYIC2J%2F20231013%2Fus-east-1%2Fs3%2Faws4_request&X-Amz-Date=20231013T051115Z&X-Amz-Expires=3600&X-Amz-SignedHeaders=host&X-Amz-Signature=148e2ab74ff958cedc514c6199a33db158b2ab1e1c66c9581d10a5c303300fe8

Peter@Peter-pc MINGW64 /d/Diploma/Cloudformation-test-github (main)
$ commit add .
bash: commit: command not found

Peter@Peter-pc MINGW64 /d/Diploma/Cloudformation-test-github (main)
$ git add .

Peter@Peter-pc MINGW64 /d/Diploma/Cloudformation-test-github (main)
$ git commit -m "fix Template format error: Resource name vpc-nested is non alphanumeric."
[main 6f43cdf] fix Template format error: Resource name vpc-nested is non alphanumeric.
 3 files changed, 83 insertions(+), 2 deletions(-)
 create mode 100644 Mistakes.txt

Peter@Peter-pc MINGW64 /d/Diploma/Cloudformation-test-github (main)
$ git push
Enumerating objects: 8, done.
Counting objects: 100% (8/8), done.
Delta compression using up to 12 threads
Compressing objects: 100% (5/5), done.
Writing objects: 100% (5/5), 1.60 KiB | 1.60 MiB/s, done.
Total 5 (delta 2), reused 0 (delta 0), pack-reused 0
remote: Resolving deltas: 100% (2/2), completed with 2 local objects.
To https://github.com/PeterTawfik-ATU/Cloudformation-test-github.git
   748de55..6f43cdf  main -> main

Peter@Peter-pc MINGW64 /d/Diploma/Cloudformation-test-github (main)
$ aws s3 sync . s3://test202323232
upload: .git\logs\refs\heads\main to s3://test202323232/.git/logs/refs/heads/main
upload: .git\refs\heads\main to s3://test202323232/.git/refs/heads/main
upload: .git\refs\remotes\origin\main to s3://test202323232/.git/refs/remotes/origin/main
upload: .\Mistakes.txt to s3://test202323232/Mistakes.txt      
upload: .git\objects\6f\43cdf1aa49e84e6fb28d57a30ea3d71c0e00c0 to s3://test202323232/.git/objects/6f/43cdf1aa49e84e6fb28d57a30ea3d71c0e00c0
upload: .git\objects\02\3d8a8006a156818f6b2256cf4247d464ab0f24 to s3://test202323232/.git/objects/02/3d8a8006a156818f6b2256cf4247d464ab0f24
upload: .git\objects\b3\bf5c9d0c84eaf7d3578e6a7d1475c3072be1f5 to s3://test202323232/.git/objects/b3/bf5c9d0c84eaf7d3578e6a7d1475c3072be1f5
upload: .git\objects\03\304358703bf5f44fd2a9fd794d2424b9a90810 to s3://test202323232/.git/objects/03/304358703bf5f44fd2a9fd794d2424b9a90810
upload: .git\COMMIT_EDITMSG to s3://test202323232/.git/COMMIT_EDITMSG
upload: .git\index to s3://test202323232/.git/index
upload: .git\objects\7d\05e7df8ea486d80569cd03ce5268932257d8f8 to s3://test202323232/.git/objects/7d/05e7df8ea486d80569cd03ce5268932257d8f8
upload: .git\logs\refs\remotes\origin\main to s3://test202323232/.git/logs/refs/remotes/origin/main
upload: .git\logs\HEAD to s3://test202323232/.git/logs/HEAD
upload: .\ec2-instance-root.yaml to s3://test202323232/ec2-instance-root.yaml

Peter@Peter-pc MINGW64 /d/Diploma/Cloudformation-test-github (main)
$ aws s3 presign s3://test202323232/ec2-instance-root.yaml
https://test202323232.s3.us-east-1.amazonaws.com/ec2-instance-root.yaml?X-Amz-Algorithm=AWS4-HMAC-SHA256&X-Amz-Credential=AKIAZD2TUNF5R4UYIC2J%2F20231013%2Fus-east-1%2Fs3%2Faws4_request&X-Amz-Date=20231013T051416Z&X-Amz-Expires=3600&X-Amz-SignedHeaders=host&X-Amz-Signature=c6e373dfb7da59265490dac1b4497e3b7e6c1e634d4dc3a9c7103f249b7d44bd

Peter@Peter-pc MINGW64 /d/Diploma/Cloudformation-test-github (main)
$ aws s3 sync . s3://test202323232

Peter@Peter-pc MINGW64 /d/Diploma/Cloudformation-test-github (main)
$ aws s3 presign s3://test202323232/ec2-instance-root.yaml
https://test202323232.s3.us-east-1.amazonaws.com/ec2-instance-root.yaml?X-Amz-Algorithm=AWS4-HMAC-SHA256&X-Amz-Credential=AKIAZD2TUNF5R4UYIC2J%2F20231013%2Fus-east-1%2Fs3%2Faws4_request&X-Amz-Date=20231013T051505Z&X-Amz-Expires=3600&X-Amz-SignedHeaders=host&X-Amz-Signature=01abfd4bdc78819d7204384adb7f18eeff0040659a8dfc2d1bf6cd4da6e85d2f

Peter@Peter-pc MINGW64 /d/Diploma/Cloudformation-test-github (main)
$

Peter@Peter-pc MINGW64 /d/Diploma/Cloudformation-test-github (main)
$ git add .

Peter@Peter-pc MINGW64 /d/Diploma/Cloudformation-test-github (main)
$ git commit -m "Template format error: Unresolved resource dependencies [TemplateURL] in the Resources block of the template"
[main 72201bf] Template format error: Unresolved resource dependencies [TemplateURL] in the Resources block of the template
 1 file changed, 2 insertions(+), 2 deletions(-)

Peter@Peter-pc MINGW64 /d/Diploma/Cloudformation-test-github (main)
$ git push
Enumerating objects: 5, done.
Counting objects: 100% (5/5), done.
Delta compression using up to 12 threads
Compressing objects: 100% (3/3), done.
Writing objects: 100% (3/3), 372 bytes | 372.00 KiB/s, done.
Total 3 (delta 2), reused 0 (delta 0), pack-reused 0
remote: Resolving deltas: 100% (2/2), completed with 2 local objects.
To https://github.com/PeterTawfik-ATU/Cloudformation-test-github.git
   6f43cdf..72201bf  main -> main

Peter@Peter-pc MINGW64 /d/Diploma/Cloudformation-test-github (main)
$ aws s3 sync . s3://test202323232
upload: .git\COMMIT_EDITMSG to s3://test202323232/.git/COMMIT_EDITMSG
upload: .git\logs\refs\remotes\origin\main to s3://test202323232/.git/logs/refs/remotes/origin/main
upload: .git\objects\a9\50e16a37c0b5c0c3e8beda7aaf1713c2b42f30 to s3://test202323232/.git/objects/a9/50e16a37c0b5c0c3e8beda7aaf1713c2b42f30
upload: .git\logs\HEAD to s3://test202323232/.git/logs/HEAD     
upload: .\ec2-instance-root.yaml to s3://test202323232/ec2-instance-root.yaml
upload: .git\objects\b1\28e72e6dd260e189f31ecd8617f111c29c234f to s3://test202323232/.git/objects/b1/28e72e6dd260e189f31ecd8617f111c29c234f
upload: .git\refs\heads\main to s3://test202323232/.git/refs/heads/main
upload: .git\logs\refs\heads\main to s3://test202323232/.git/logs/refs/heads/main
upload: .git\objects\72\201bf7c678acd54cd49757262c47b4386d7377 to s3://test202323232/.git/objects/72/201bf7c678acd54cd49757262c47b4386d7377
upload: .git\index to s3://test202323232/.git/index
upload: .git\refs\remotes\origin\main to s3://test202323232/.git/refs/remotes/origin/main

Peter@Peter-pc MINGW64 /d/Diploma/Cloudformation-test-github (main)
$ aws s3 presign s3://test202323232/ec2-instance-root.yaml
https://test202323232.s3.us-east-1.amazonaws.com/ec2-instance-root.yaml?X-Amz-Algorithm=AWS4-HMAC-SHA256&X-Amz-Credential=AKIAZD2TUNF5R4UYIC2J%2F20231013%2Fus-east-1%2Fs3%2Faws4_request&X-Amz-Date=20231013T051712Z&X-Amz-Expires=3600&X-Amz-SignedHeaders=host&X-Amz-Signature=90b5bc80d010aa9ef06ad98d773d254f31cb17550fb631a97fc8390530f333d3

Peter@Peter-pc MINGW64 /d/Diploma/Cloudformation-test-github (main)
$ git add .

Peter@Peter-pc MINGW64 /d/Diploma/Cloudformation-test-github (main)
$ git commit -m "fixing vpc referencing"
[main b3485f5] fixing vpc referencing
 1 file changed, 2 insertions(+), 2 deletions(-)

Peter@Peter-pc MINGW64 /d/Diploma/Cloudformation-test-github (main)
$ git pusg
git: 'pusg' is not a git command. See 'git --help'.

The most similar command is
        push

Peter@Peter-pc MINGW64 /d/Diploma/Cloudformation-test-github (main)
$ git push
Enumerating objects: 5, done.
Counting objects: 100% (5/5), done.
Delta compression using up to 12 threads
Compressing objects: 100% (3/3), done.
Writing objects: 100% (3/3), 331 bytes | 331.00 KiB/s, done.
Total 3 (delta 2), reused 0 (delta 0), pack-reused 0
remote: Resolving deltas: 100% (2/2), completed with 2 local objects.
To https://github.com/PeterTawfik-ATU/Cloudformation-test-github.git
   72201bf..b3485f5  main -> main

Peter@Peter-pc MINGW64 /d/Diploma/Cloudformation-test-github (main)
$ aws s3 sync . s3://test202323232
upload: .git\COMMIT_EDITMSG to s3://test202323232/.git/COMMIT_EDITMSG
upload: .git\logs\refs\remotes\origin\main to s3://test202323232/.git/logs/refs/remotes/origin/main
upload: .git\refs\remotes\origin\main to s3://test202323232/.git/refs/remotes/origin/main
upload: .git\objects\b3\485f5e9d49facf0dbd07b68b2e73786e4363bb to s3://test202323232/.git/objects/b3/485f5e9d49facf0dbd07b68b2e73786e4363bb
upload: .\ec2-instance-root.yaml to s3://test202323232/ec2-instance-root.yaml
upload: .git\objects\1f\d4a76a5cdf187e002f67b00fbb0b388c294207 to s3://test202323232/.git/objects/1f/d4a76a5cdf187e002f67b00fbb0b388c294207
upload: .git\index to s3://test202323232/.git/index
upload: .git\logs\HEAD to s3://test202323232/.git/logs/HEAD
upload: .git\refs\heads\main to s3://test202323232/.git/refs/heads/main
upload: .git\objects\c8\9f0029d11035162b32be50c587d79c044e0821 to s3://test202323232/.git/objects/c8/9f0029d11035162b32be50c587d79c044e0821
upload: .git\logs\refs\heads\main to s3://test202323232/.git/logs/refs/heads/main

Peter@Peter-pc MINGW64 /d/Diploma/Cloudformation-test-github (main)
$ aws s3 presign s3://test202323232/ec2-instance-root.yaml
https://test202323232.s3.us-east-1.amazonaws.com/ec2-instance-root.yaml?X-Amz-Algorithm=AWS4-HMAC-SHA256&X-Amz-Credential=AKIAZD2TUNF5R4UYIC2J%2F20231013%2Fus-east-1%2Fs3%2Faws4_request&X-Amz-Date=20231013T052706Z&X-Amz-Expires=3600&X-Amz-SignedHeaders=host&X-Amz-Signature=9389314635f7f376e363a119adce68ea4dc08191f70b4389722a0cf8de3f9651

Peter@Peter-pc MINGW64 /d/Diploma/Cloudformation-test-github (main)
$ aws s3 ls s3://test202323232
                           PRE .git/
2023-10-13 06:14:12        290 Mistakes.txt
2023-10-13 06:27:03       1072 ec2-instance-root.yaml
2023-10-13 06:11:13      12862 log.txt
2023-10-13 05:45:08        933 ssh-security-group-nested.yaml
2023-10-13 06:11:12       6832 vpc-nested.yaml
2023-10-13 05:45:08       6832 vpc.yaml

Peter@Peter-pc MINGW64 /d/Diploma/Cloudformation-test-github (main)
$ aws s3 presign s3://test202323232/ssh-security-group-nested.yaml
https://test202323232.s3.us-east-1.amazonaws.com/ssh-security-group-nested.yaml?X-Amz-Algorithm=AWS4-HMAC-SHA256&X-Amz-Credential=AKIAZD2TUNF5R4UYIC2J%2F20231013%2Fus-east-1%2Fs3%2Faws4_request&X-Amz-Date=20231013T052803Z&X-Amz-Expires=3600&X-Amz-SignedHeaders=host&X-Amz-Signature=01e0065f9403cc3e0ef5b34274d1fc964f0897ef0b11a3a0b34fd825576634b7

Peter@Peter-pc MINGW64 /d/Diploma/Cloudformation-test-github (main)
$ aws s3 presign s3://test202323232/vpc-nested.yaml
https://test202323232.s3.us-east-1.amazonaws.com/vpc-nested.yaml?X-Amz-Algorithm=AWS4-HMAC-SHA256&X-Amz-Credential=AKIAZD2TUNF5R4UYIC2J%2F20231013%2Fus-east-1%2Fs3%2Faws4_request&X-Amz-Date=20231013T052834Z&X-Amz-Expires=3600&X-Amz-SignedHeaders=host&X-Amz-Signature=c5a1e6e084168850424b88d5cba8b62f3d93513103017c67c10f7cebc2fbe77b  

Peter@Peter-pc MINGW64 /d/Diploma/Cloudformation-test-github (main)
$ git add .

Peter@Peter-pc MINGW64 /d/Diploma/Cloudformation-test-github (main)
$ git add .

Peter@Peter-pc MINGW64 /d/Diploma/Cloudformation-test-github (main)
$ git commit -m "fixing Parameters: [EnvironmentName] must have values"
[main ce12479] fixing Parameters: [EnvironmentName] must have values
 1 file changed, 1 insertion(+)

Peter@Peter-pc MINGW64 /d/Diploma/Cloudformation-test-github (main)
$ git push
Enumerating objects: 5, done.
Counting objects: 100% (5/5), done.
Delta compression using up to 12 threads
Compressing objects: 100% (3/3), done.
Writing objects: 100% (3/3), 345 bytes | 345.00 KiB/s, done.
Total 3 (delta 2), reused 0 (delta 0), pack-reused 0
remote: Resolving deltas: 100% (2/2), completed with 2 local objects.
To https://github.com/PeterTawfik-ATU/Cloudformation-test-github.git
   b3485f5..ce12479  main -> main

Peter@Peter-pc MINGW64 /d/Diploma/Cloudformation-test-github (main)
$

Peter@Peter-pc MINGW64 /d/Diploma/Cloudformation-test-github (main)
$

Peter@Peter-pc MINGW64 /d/Diploma/Cloudformation-test-github (main)
$

Peter@Peter-pc MINGW64 /d/Diploma/Cloudformation-test-github (main)
$ aws s3 sync . s3://test202323232
upload: .git\index to s3://test202323232/.git/index
upload: .git\logs\HEAD to s3://test202323232/.git/logs/HEAD       
upload: .git\logs\refs\remotes\origin\main to s3://test202323232/.git/logs/refs/remotes/origin/main
upload: .git\objects\4f\76b29489bc8d1ac0b6987c8736eb3fcd28c06d to s3://test202323232/.git/objects/4f/76b29489bc8d1ac0b6987c8736eb3fcd28c06d
upload: .git\objects\b4\6693bea9eafa4079855e27e8617b5a45d8e15e to s3://test202323232/.git/objects/b4/6693bea9eafa4079855e27e8617b5a45d8e15e
upload: .git\refs\remotes\origin\main to s3://test202323232/.git/refs/remotes/origin/main
upload: .git\refs\heads\main to s3://test202323232/.git/refs/heads/main
upload: .git\objects\ce\124794b7b16a644f4d4fd8ec8f7dfd1cc83203 to s3://test202323232/.git/objects/ce/124794b7b16a644f4d4fd8ec8f7dfd1cc83203
upload: .git\COMMIT_EDITMSG to s3://test202323232/.git/COMMIT_EDITMSG
upload: .git\logs\refs\heads\main to s3://test202323232/.git/logs/refs/heads/main
upload: .\vpc-nested.yaml to s3://test202323232/vpc-nested.yaml  
upload: .\log.txt to s3://test202323232/log.txt

Peter@Peter-pc MINGW64 /d/Diploma/Cloudformation-test-github (main)
$ aws s3 presign s3://test202323232/vpc-nested.yaml
https://test202323232.s3.us-east-1.amazonaws.com/vpc-nested.yaml?X-Amz-Algorithm=AWS4-HMAC-SHA256&X-Amz-Credential=AKIAZD2TUNF5R4UYIC2J%2F20231013%2Fus-east-1%2Fs3%2Faws4_request&X-Amz-Date=20231013T053206Z&X-Amz-Expires=3600&X-Amz-SignedHeaders=host&X-Amz-Signature=f15830288257360217ab6c4f3266dc239c77d5bf43a67313cc9a5ca596465a98  

Peter@Peter-pc MINGW64 /d/Diploma/Cloudformation-test-github (main)
$

Peter@Peter-pc MINGW64 /d/Diploma/Cloudformation-test-github (main)
$ aws s3 presign s3://test202323232/ssh-security-group-nested.yaml
https://test202323232.s3.us-east-1.amazonaws.com/ssh-security-group-nested.yaml?X-Amz-Algorithm=AWS4-HMAC-SHA256&X-Amz-Credential=AKIAZD2TUNF5R4UYIC2J%2F20231013%2Fus-east-1%2Fs3%2Faws4_request&X-Amz-Date=20231013T053238Z&X-Amz-Expires=3600&X-Amz-SignedHeaders=host&X-Amz-Signature=07f0c921a4929de357e41c49ff1c6813776794d7b279ab203ea4a58a43605a97

Peter@Peter-pc MINGW64 /d/Diploma/Cloudformation-test-github (main)
$ aws s3 presign s3://test202323232/ec2-instance-root.yaml
https://test202323232.s3.us-east-1.amazonaws.com/ec2-instance-root.yaml?X-Amz-Algorithm=AWS4-HMAC-SHA256&X-Amz-Credential=AKIAZD2TUNF5R4UYIC2J%2F20231013%2Fus-east-1%2Fs3%2Faws4_request&X-Amz-Date=20231013T053244Z&X-Amz-Expires=3600&X-Amz-SignedHeaders=host&X-Amz-Signature=dc64ef0d956162f3932670bcc18e878803bc0b54aed95f206fbdc990238eae92

Peter@Peter-pc MINGW64 /d/Diploma/Cloudformation-test-github (main)
$ aws s3 sync . s3://test202323232
upload: .\ssh-security-group-nested.yaml to s3://test202323232/ssh-security-group-nested.yaml

Peter@Peter-pc MINGW64 /d/Diploma/Cloudformation-test-github (main)
$ aws s3 presign s3://test202323232/ec2-instance-root.yaml
https://test202323232.s3.us-east-1.amazonaws.com/ec2-instance-root.yaml?X-Amz-Algorithm=AWS4-HMAC-SHA256&X-Amz-Credential=AKIAZD2TUNF5R4UYIC2J%2F20231013%2Fus-east-1%2Fs3%2Faws4_request&X-Amz-Date=20231013T053556Z&X-Amz-Expires=3600&X-Amz-SignedHeaders=host&X-Amz-Signature=273c487f6af292e95cf25be02d7a1eb4161b2195d63042924acf5a7ee12b3528

Peter@Peter-pc MINGW64 /d/Diploma/Cloudformation-test-github (main)
$ aws s3 presign s3://test202323232/ssh-security-group-nested.yaml
https://test202323232.s3.us-east-1.amazonaws.com/ssh-security-group-nested.yaml?X-Amz-Algorithm=AWS4-HMAC-SHA256&X-Amz-Credential=AKIAZD2TUNF5R4UYIC2J%2F20231013%2Fus-east-1%2Fs3%2Faws4_request&X-Amz-Date=20231013T053600Z&X-Amz-Expires=3600&X-Amz-SignedHeaders=host&X-Amz-Signature=801cc62c5e5787fab3331772f6844116c3f9762085ccc1117d75e0d98205147d

Peter@Peter-pc MINGW64 /d/Diploma/Cloudformation-test-github (main)
$ aws s3 presign s3://test202323232/vpc-nested.yaml
https://test202323232.s3.us-east-1.amazonaws.com/vpc-nested.yaml?X-Amz-Algorithm=AWS4-HMAC-SHA256&X-Amz-Credential=AKIAZD2TUNF5R4UYIC2J%2F20231013%2Fus-east-1%2Fs3%2Faws4_request&X-Amz-Date=20231013T053605Z&X-Amz-Expires=3600&X-Amz-SignedHeaders=host&X-Amz-Signature=d44c3ff47cf6d609da55900cc1c36c546b5d54a8b9f6ab580736a11cac593497  

Peter@Peter-pc MINGW64 /d/Diploma/Cloudformation-test-github (main)
$ aws s3 sync . s3://test202323232
upload: .\ec2-instance-root.yaml to s3://test202323232/ec2-instance-root.yaml

Peter@Peter-pc MINGW64 /d/Diploma/Cloudformation-test-github (main)
$ aws s3 presign s3://test202323232/ec2-instance-root.yaml
https://test202323232.s3.us-east-1.amazonaws.com/ec2-instance-root.yaml?X-Amz-Algorithm=AWS4-HMAC-SHA256&X-Amz-Credential=AKIAZD2TUNF5R4UYIC2J%2F20231013%2Fus-east-1%2Fs3%2Faws4_request&X-Amz-Date=20231013T054043Z&X-Amz-Expires=3600&X-Amz-SignedHeaders=host&X-Amz-Signature=f2ba4e6c64df1febd3647481c6a126b4467bdcf8f28720778c688ebc81324f06

Peter@Peter-pc MINGW64 /d/Diploma/Cloudformation-test-github (main)
$ aws s3 presign s3://test202323232/ssh-security-group-nested.yaml
https://test202323232.s3.us-east-1.amazonaws.com/ssh-security-group-nested.yaml?X-Amz-Algorithm=AWS4-HMAC-SHA256&X-Amz-Credential=AKIAZD2TUNF5R4UYIC2J%2F20231013%2Fus-east-1%2Fs3%2Faws4_request&X-Amz-Date=20231013T054046Z&X-Amz-Expires=3600&X-Amz-SignedHeaders=host&X-Amz-Signature=883c81e31125c616050efd4c8c6f383f67e66b1f962ba9b2be3771b799ee7f35

Peter@Peter-pc MINGW64 /d/Diploma/Cloudformation-test-github (main)
$ aws s3 presign s3://test202323232/vpc-nested.yaml
https://test202323232.s3.us-east-1.amazonaws.com/vpc-nested.yaml?X-Amz-Algorithm=AWS4-HMAC-SHA256&X-Amz-Credential=AKIAZD2TUNF5R4UYIC2J%2F20231013%2Fus-east-1%2Fs3%2Faws4_request&X-Amz-Date=20231013T054049Z&X-Amz-Expires=3600&X-Amz-SignedHeaders=host&X-Amz-Signature=dc43a46e26e07a76194f7412230145d7af8fda242674e005599db2ac282350c1  

Peter@Peter-pc MINGW64 /d/Diploma/Cloudformation-test-github (main)
$ aws s3 sync . s3://test202323232
upload: .\ec2-instance-root.yaml to s3://test202323232/ec2-instance-root.yaml
upload: .\vpc-nested.yaml to s3://test202323232/vpc-nested.yaml
upload: .\ssh-security-group-nested.yaml to s3://test202323232/ssh-security-group-nested.yaml

Peter@Peter-pc MINGW64 /d/Diploma/Cloudformation-test-github (main)
$ git add .

Peter@Peter-pc MINGW64 /d/Diploma/Cloudformation-test-github (main)
$ git commit -m "fixing vpc references- vpc created successfully"
[main 61572e5] fixing vpc references- vpc created successfully
 4 files changed, 309 insertions(+), 5 deletions(-)

Peter@Peter-pc MINGW64 /d/Diploma/Cloudformation-test-github (main)
$ git push
Enumerating objects: 11, done.
Counting objects: 100% (11/11), done.
Delta compression using up to 12 threads
Compressing objects: 100% (6/6), done.
Writing objects: 100% (6/6), 5.33 KiB | 5.33 MiB/s, done.
Total 6 (delta 3), reused 0 (delta 0), pack-reused 0
remote: Resolving deltas: 100% (3/3), completed with 3 local objects.
To https://github.com/PeterTawfik-ATU/Cloudformation-test-github.git
   ce12479..61572e5  main -> main

Peter@Peter-pc MINGW64 /d/Diploma/Cloudformation-test-github (main)
$ aws s3 sync . s3://test202323232
upload: .git\COMMIT_EDITMSG to s3://test202323232/.git/COMMIT_EDITMSG
upload: .git\logs\HEAD to s3://test202323232/.git/logs/HEAD        
upload: .git\logs\refs\heads\main to s3://test202323232/.git/logs/refs/heads/main
upload: .git\logs\refs\remotes\origin\main to s3://test202323232/.git/logs/refs/remotes/origin/main
upload: .git\objects\37\f716d2441ce494f56d645ec7e598f7901cc1b6 to s3://test202323232/.git/objects/37/f716d2441ce494f56d645ec7e598f7901cc1b6
upload: .git\refs\remotes\origin\main to s3://test202323232/.git/refs/remotes/origin/main
upload: .git\objects\c6\f94312215a4fb2055c46265da8e649926b2f95 to s3://test202323232/.git/objects/c6/f94312215a4fb2055c46265da8e649926b2f95
upload: .git\refs\heads\main to s3://test202323232/.git/refs/heads/main
upload: .git\objects\2f\922224c572063ac7c683ff0180f2990922cede to s3://test202323232/.git/objects/2f/922224c572063ac7c683ff0180f2990922cede
upload: .git\objects\f8\0b3caa0e686375353058511023a3cde4a04270 to s3://test202323232/.git/objects/f8/0b3caa0e686375353058511023a3cde4a04270
upload: .git\objects\61\572e5b716b55dcb43dec8120f719c51c17b263 to s3://test202323232/.git/objects/61/572e5b716b55dcb43dec8120f719c51c17b263
upload: .git\objects\f4\9d109571a195e229784239b14776de536de327 to s3://test202323232/.git/objects/f4/9d109571a195e229784239b14776de536de327
upload: .git\index to s3://test202323232/.git/index

Peter@Peter-pc MINGW64 /d/Diploma/Cloudformation-test-github (main)
$ aws s3 presign s3://test202323232/ec2-instance-root.yaml
https://test202323232.s3.us-east-1.amazonaws.com/ec2-instance-root.yaml?X-Amz-Algorithm=AWS4-HMAC-SHA256&X-Amz-Credential=AKIAZD2TUNF5R4UYIC2J%2F20231013%2Fus-east-1%2Fs3%2Faws4_request&X-Amz-Date=20231013T054748Z&X-Amz-Expires=3600&X-Amz-SignedHeaders=host&X-Amz-Signature=9b1d764b1d499aff2224319ff13b66b121991fc1a78e6acac8aaf850ffaed65b

Peter@Peter-pc MINGW64 /d/Diploma/Cloudformation-test-github (main)
$ git commit -m "fixing vpc references- vpc created successfully"
On branch main
Your branch is up to date with 'origin/main'.

nothing to commit, working tree clean

Peter@Peter-pc MINGW64 /d/Diploma/Cloudformation-test-github (main)
$ aws s3 presign s3://test202323232/ssh-security-group-nested.yaml
https://test202323232.s3.us-east-1.amazonaws.com/ssh-security-group-nested.yaml?X-Amz-Algorithm=AWS4-HMAC-SHA256&X-Amz-Credential=AKIAZD2TUNF5R4UYIC2J%2F20231013%2Fus-east-1%2Fs3%2Faws4_request&X-Amz-Date=20231013T054800Z&X-Amz-Expires=3600&X-Amz-SignedHeaders=host&X-Amz-Signature=0056f416822ded71aeebcf03cfb741d31754cdb3b31d9a92d30e19de73e50c84

Peter@Peter-pc MINGW64 /d/Diploma/Cloudformation-test-github (main)
$ aws s3 presign s3://test202323232/ec2-instance-root.yaml
https://test202323232.s3.us-east-1.amazonaws.com/ec2-instance-root.yaml?X-Amz-Algorithm=AWS4-HMAC-SHA256&X-Amz-Credential=AKIAZD2TUNF5R4UYIC2J%2F20231013%2Fus-east-1%2Fs3%2Faws4_request&X-Amz-Date=20231013T054803Z&X-Amz-Expires=3600&X-Amz-SignedHeaders=host&X-Amz-Signature=2237b336a699ba0b15d40467d9723681bad10a3b4989f96e08502343344dcec0

Peter@Peter-pc MINGW64 /d/Diploma/Cloudformation-test-github (main)
$ aws s3 presign s3://test202323232/vpc-nested.yaml
https://test202323232.s3.us-east-1.amazonaws.com/vpc-nested.yaml?X-Amz-Algorithm=AWS4-HMAC-SHA256&X-Amz-Credential=AKIAZD2TUNF5R4UYIC2J%2F20231013%2Fus-east-1%2Fs3%2Faws4_request&X-Amz-Date=20231013T054844Z&X-Amz-Expires=3600&X-Amz-SignedHeaders=host&X-Amz-Signature=fb92dbbe5e754a235f899dbd7802eeff2d10d6eed5e0f3e1f06daaeccf176a6d  

Peter@Peter-pc MINGW64 /d/Diploma/Cloudformation-test-github (main)
$ aws s3 sync . s3://test202323232
upload: .git\COMMIT_EDITMSG to s3://test202323232/.git/COMMIT_EDITMSG
upload: .\ssh-security-group-nested.yaml to s3://test202323232/ssh-security-group-nested.yaml
upload: .\vpc-nested.yaml to s3://test202323232/vpc-nested.yaml  

Peter@Peter-pc MINGW64 /d/Diploma/Cloudformation-test-github (main)
$ aws s3 presign s3://test202323232/ssh-security-group-nested.yaml
https://test202323232.s3.us-east-1.amazonaws.com/ssh-security-group-nested.yaml?X-Amz-Algorithm=AWS4-HMAC-SHA256&X-Amz-Credential=AKIAZD2TUNF5R4UYIC2J%2F20231013%2Fus-east-1%2Fs3%2Faws4_request&X-Amz-Date=20231013T055205Z&X-Amz-Expires=3600&X-Amz-SignedHeaders=host&X-Amz-Signature=7fb2fbc4b35d9905f3ac984437ba5bd7888ed4a6cb60c3c9d0a6ab42a1d177fe

Peter@Peter-pc MINGW64 /d/Diploma/Cloudformation-test-github (main)
$ aws s3 presign s3://test202323232/vpc-nested.yaml
https://test202323232.s3.us-east-1.amazonaws.com/vpc-nested.yaml?X-Amz-Algorithm=AWS4-HMAC-SHA256&X-Amz-Credential=AKIAZD2TUNF5R4UYIC2J%2F20231013%2Fus-east-1%2Fs3%2Faws4_request&X-Amz-Date=20231013T055215Z&X-Amz-Expires=3600&X-Amz-SignedHeaders=host&X-Amz-Signature=7e6d7712465094c5807ccb3c6de803c898ef60d18f13951ae05eff782a2b3b5e  

Peter@Peter-pc MINGW64 /d/Diploma/Cloudformation-test-github (main)
$ git log --oneline
61572e5 (HEAD -> main, origin/main) fixing vpc references- vpc created successfully
ce12479 fixing Parameters: [EnvironmentName] must have values
b3485f5 fixing vpc referencing
72201bf Template format error: Unresolved resource dependencies [TemplateURL] in the Resources block of the template
6f43cdf fix Template format error: Resource name vpc-nested is non alphanumeric.
748de55 vpc nested stack trail 1
1e02c45 vpc yml
bfc7b5f terminal log add
43f2b40 test 1
c05da4e Ec2 + Security group nested v1
25a1082 empty file

Peter@Peter-pc MINGW64 /d/Diploma/Cloudformation-test-github (main)
$ git add .

Peter@Peter-pc MINGW64 /d/Diploma/Cloudformation-test-github (main)
$ git commit -m "fixing vpc default value for EnvironmentName"
[main f2657d3] fixing vpc default value for EnvironmentName
 2 files changed, 3 insertions(+), 3 deletions(-)

Peter@Peter-pc MINGW64 /d/Diploma/Cloudformation-test-github (main)
$ git push
Enumerating objects: 7, done.
Counting objects: 100% (7/7), done.
Delta compression using up to 12 threads
Compressing objects: 100% (4/4), done.
Writing objects: 100% (4/4), 417 bytes | 417.00 KiB/s, done.
Total 4 (delta 3), reused 0 (delta 0), pack-reused 0
remote: Resolving deltas: 100% (3/3), completed with 3 local objects.
To https://github.com/PeterTawfik-ATU/Cloudformation-test-github.git
   61572e5..f2657d3  main -> main

Peter@Peter-pc MINGW64 /d/Diploma/Cloudformation-test-github (main)
$ git branch customizationSG

Peter@Peter-pc MINGW64 /d/Diploma/Cloudformation-test-github (main)
$ git branch -b customizationSG
error: unknown switch `b'
usage: git branch [<options>] [-r | -a] [--merged] [--no-merged]
   or: git branch [<options>] [-f] [--recurse-submodules] <branch-name> [<start-point>]
   or: git branch [<options>] [-l] [<pattern>...]
   or: git branch [<options>] [-r] (-d | -D) <branch-name>...
   or: git branch [<options>] (-m | -M) [<old-branch>] <new-branch>
   or: git branch [<options>] (-c | -C) [<old-branch>] <new-branch>
   or: git branch [<options>] [-r | -a] [--points-at]
   or: git branch [<options>] [-r | -a] [--format]

Generic options
    -v, --verbose         show hash and subject, give twice for upstream branch
    -q, --quiet           suppress informational messages
    -t, --track[=(direct|inherit)]
                          set branch tracking configuration
    -u, --set-upstream-to <upstream>
                          change the upstream info
    --unset-upstream      unset the upstream info
    --color[=<when>]      use colored output
    -r, --remotes         act on remote-tracking branches
    --contains <commit>   print only branches that contain the commit
    --no-contains <commit>
                          print only branches that don't contain the commit
    --abbrev[=<n>]        use <n> digits to display object names

Specific git-branch actions:
    -a, --all             list both remote-tracking and local branches
    -d, --delete          delete fully merged branch
    -D                    delete branch (even if not merged)
    -m, --move            move/rename a branch and its reflog
    -M                    move/rename a branch, even if target exists
    --omit-empty          do not output a newline after empty formatted refs
    -c, --copy            copy a branch and its reflog
    -C                    copy a branch, even if target exists
    -l, --list            list branch names
    --show-current        show current branch name
    --create-reflog       create the branch's reflog
    --edit-description    edit the description for the branch
    -f, --force           force creation, move/rename, deletion
    --merged <commit>     print only branches that are merged
    --no-merged <commit>  print only branches that are not merged
    --column[=<style>]    list branches in columns
    --sort <key>          field name to sort on
    --points-at <object>  print only branches of the object
    -i, --ignore-case     sorting and filtering are case insensitive
    --recurse-submodules  recurse through submodules
    --format <format>     format to use for the output


Peter@Peter-pc MINGW64 /d/Diploma/Cloudformation-test-github (main)
$ git checkout -b customizationSG
fatal: a branch named 'customizationSG' already exists

Peter@Peter-pc MINGW64 /d/Diploma/Cloudformation-test-github (main)
$ git checkout customizationSG
Switched to branch 'customizationSG'
M       ec2-instance-root.yaml
M       ssh-security-group-nested.yaml
M       vpc-nested.yaml

Peter@Peter-pc MINGW64 /d/Diploma/Cloudformation-test-github (customizationSG)
$ git add .

Peter@Peter-pc MINGW64 /d/Diploma/Cloudformation-test-github (customizationSG)
$ git log --oneline
f2657d3 (HEAD -> customizationSG, origin/main, main) fixing vpc default value for EnvironmentName
61572e5 fixing vpc references- vpc created successfully
ce12479 fixing Parameters: [EnvironmentName] must have values
b3485f5 fixing vpc referencing
72201bf Template format error: Unresolved resource dependencies [TemplateURL] in the Resources block of the template
6f43cdf fix Template format error: Resource name vpc-nested is non alphanumeric.
748de55 vpc nested stack trail 1
1e02c45 vpc yml
bfc7b5f terminal log add
43f2b40 test 1
c05da4e Ec2 + Security group nested v1
25a1082 empty file

Peter@Peter-pc MINGW64 /d/Diploma/Cloudformation-test-github (customizationSG)
$ git status
On branch customizationSG
Changes to be committed:
  (use "git restore --staged <file>..." to unstage)
        modified:   ec2-instance-root.yaml
        modified:   ssh-security-group-nested.yaml
        modified:   vpc-nested.yaml


Peter@Peter-pc MINGW64 /d/Diploma/Cloudformation-test-github (customizationSG)
$ git commit
[customizationSG dde7d5b] On branch customizationSG
 3 files changed, 17 insertions(+), 8 deletions(-)

Peter@Peter-pc MINGW64 /d/Diploma/Cloudformation-test-github (customizationSG)
$ git push
fatal: The current branch customizationSG has no upstream branch.
To push the current branch and set the remote as upstream, use

    git push --set-upstream origin customizationSG

To have this happen automatically for branches without a tracking
upstream, see 'push.autoSetupRemote' in 'git help config'.


Peter@Peter-pc MINGW64 /d/Diploma/Cloudformation-test-github (customizationSG)
$ git push --set-upstream origin customizationSG
Enumerating objects: 9, done.
Counting objects: 100% (9/9), done.
Delta compression using up to 12 threads
Compressing objects: 100% (5/5), done.
Writing objects: 100% (5/5), 713 bytes | 713.00 KiB/s, done.
Total 5 (delta 3), reused 0 (delta 0), pack-reused 0
remote: Resolving deltas: 100% (3/3), completed with 3 local objects.
remote: 
remote: Create a pull request for 'customizationSG' on GitHub by visiting:
remote:      https://github.com/PeterTawfik-ATU/Cloudformation-test-github/pull/new/customizationSG
remote:
To https://github.com/PeterTawfik-ATU/Cloudformation-test-github.git
 * [new branch]      customizationSG -> customizationSG
branch 'customizationSG' set up to track 'origin/customizationSG'.

Peter@Peter-pc MINGW64 /d/Diploma/Cloudformation-test-github (customizationSG)